../Core/Src/can_handler.c:20:6:CAN_Update_Error_Counters	16	static
../Core/Src/can_handler.c:38:10:CAN_Calculate_Baud_Rate	32	static
../Core/Src/can_handler.c:52:6:MX_CAN_Init	48	static
../Core/Src/can_handler.c:100:6:CAN_Handler_Init	8	static
../Core/Src/can_handler.c:120:6:CAN_Config_Filter	48	static
../Core/Src/can_handler.c:141:19:CAN_Start	16	static
../Core/Src/can_handler.c:161:6:CAN_Handler_Process	8	static
../Core/Src/can_handler.c:183:6:CAN_Send_Periodic_Message	16	static
../Core/Src/can_handler.c:199:10:CAN_Get_Error_Status	8	static
../Core/Src/can_handler.c:204:6:HAL_CAN_RxFifo0MsgPendingCallback	16	static
../Core/Src/can_handler.c:213:6:HAL_CAN_ErrorCallback	16	static
../Core/Src/can_handler.c:219:6:USB_LP_CAN1_RX0_IRQHandler	8	static
../Core/Src/can_handler.c:224:6:CAN1_SCE_IRQHandler	8	static
