../Core/Src/can_handler.c:21:6:CAN_Update_Error_Counters	16	static
../Core/Src/can_handler.c:39:10:CAN_Calculate_Baud_Rate	32	static
../Core/Src/can_handler.c:53:6:MX_CAN_Init	48	static
../Core/Src/can_handler.c:101:6:CAN_Handler_Init	8	static
../Core/Src/can_handler.c:122:6:CAN_Config_Filter	48	static
../Core/Src/can_handler.c:143:19:CAN_Start	16	static
../Core/Src/can_handler.c:164:6:CAN_Handler_Process	8	static
../Core/Src/can_handler.c:173:6:CAN_Send_Periodic_Message	16	static
../Core/Src/can_handler.c:189:10:CAN_Get_Error_Status	8	static
../Core/Src/can_handler.c:194:6:HAL_CAN_RxFifo1MsgPendingCallback	16	static
../Core/Src/can_handler.c:203:6:HAL_CAN_ErrorCallback	16	static
